[Header]
Data File Name	Y:\Shared\Instruments\California\GC Production\GC-09\RSA\To Be analyzed\20180628_CalCheck_SpikeStudy_AV\BK47429 E 500ppm_8.qgd
Output Date	6/29/2018
Output Time	8:36:12 PM

[File Information]
Type	Data File
Generated	6/28/2018 11:45:08 PM
Generated by	Admin
Modified	6/29/2018 7:00:48 PM
Modified by	Admin

[Sample Information]
Operator Name	Admin
Analyzed	6/28/2018 11:55:06 PM
Type	Unknown
Level	1
Sample Name	BK47429 E 500ppm
Sample ID	BK47429 E 500ppm
ISTD Amount 1	1
ISTD Amount 2	1
ISTD Amount 3	1
ISTD Amount 4	1
ISTD Amount 5	1
ISTD Amount 6	1
ISTD Amount 7	1
ISTD Amount 8	1
ISTD Amount 9	1
ISTD Amount 10	1
ISTD Amount 11	1
ISTD Amount 12	1
ISTD Amount 13	1
ISTD Amount 14	1
ISTD Amount 15	1
ISTD Amount 16	1
ISTD Amount 17	1
ISTD Amount 18	1
ISTD Amount 19	1
ISTD Amount 20	1
ISTD Amount 21	1
ISTD Amount 22	1
ISTD Amount 23	1
ISTD Amount 24	1
ISTD Amount 25	1
ISTD Amount 26	1
ISTD Amount 27	1
ISTD Amount 28	1
ISTD Amount 29	1
ISTD Amount 30	1
ISTD Amount 31	1
ISTD Amount 32	1
Sample Amount	1
Dilution Factor	1
Vial#	7
Injection Volume	1
Injection Count	1
Bar Code	

[Original Files]
Data File	C:\GCMSsolution\Data\SHH Data\RSA\20180628_CalCheck_SpikeStudy_AV\BK47429 E 500ppm_8.qgd
Method File	Y:\Shared\Instruments\California\GC Production\GC-09\RSA\To Be analyzed\20180613_RSA_Cal_SHC\20180622_RSA_Cal_AV_EDIT_Propane_20180623.qgm
Batch File	C:\GCMSsolution\Data\SHH Data\RSA\20180628_CalCheck_SpikeStudy_AV\20180628_1_CalCHECK_SpikeStudy_AV.qgb
Report Format File	
Tuning File	C:\GCMSsolution\System\Tune1\2018-06-13_RSA_NormSens_2_AV.qgt

[File Description]


[MS Quantitative Results]
# of IDs	21
ID#	Name	Type	ISTD Group#	Mass	Ret.Time	Start Time	End Time	A/H	Area	Height	Conc.	Mode	Peak#	Std.Ret.Time	Calibration Curve	3rd	2nd	1st	Constant	Ref.Ion Area	Ref.Ion Height	Ref.Ion Set Ratio	Ref.Ion Ratio	Recovery	SI	Ref.Ion1 m/z	Ref.Ion1 Area	Ref.Ion1 Height	Ref.Ion1 Set Ratio	Ref.Ion1 Ratio	Ref.Ion2 m/z	Ref.Ion2 Area	Ref.Ion2 Height	Ref.Ion2 Set Ratio	Ref.Ion2 Ratio	Ref.Ion3 m/z	Ref.Ion3 Area	Ref.Ion3 Height	Ref.Ion3 Set Ratio	Ref.Ion3 Ratio	Ref.Ion4 m/z	Ref.Ion4 Area	Ref.Ion4 Height	Ref.Ion4 Set Ratio	Ref.Ion4 Ratio	Ref.Ion5 m/z	Ref.Ion5 Area	Ref.Ion5 Height	Ref.Ion5 Set Ratio	Ref.Ion5 Ratio	Ret. Index	S/N	Unit	Description	Threshold	Tailing	Ref.Ion1 S/N	Ref.Ion2 S/N	Ref.Ion3 S/N	Ref.Ion4 S/N	Ref.Ion5 S/N	ISTD Name	ISTD Area	ISTD Height	ISTD Ret.Time	Noise
1	Propane	Target	1	29.00	Not Identified									1.640	Linear	0	0	6601.23	0																																															2163.178	
2	n-Butane	Target	1	43.00	2.077	1.988	2.146	2.230	2102	942	0.21869	Auto	7	2.042	Linear	0	0	9611.76	0	0	0	31.04	29.16	0.00	71	41.00	0	0	31.04	29.16	27.00	0	0	14.18	13.81	0	0	0	0	0	0	0	0	0	0	0	0	0	0	0		0.01	ppm		0.00000	1.013										107502.454	
3	Methanol	Target	1	31.00	2.349	2.304	2.450	2.540	1022	403	0.7805100000000001	Auto	10	2.318	Linear	0	0	661.012	0	0	0	79.25	62.00	0.00	50	32.00	0	0	79.25	62.00	29.00	0	0	49.79	51.00	0	0	0	0	0	0	0	0	0	0	0	0	0	0	0		1.22	ppm		0.00000	1.277										329.955	
4	Ethylene Oxide	Target	1	29.00	Not Identified									2.434	Linear	0	0	2888.03	0																																															2163.178	
5	n-Pentane	Target	1	43.00	3.157	3.087	3.210	2.640	3468	1315	0.53612	Auto	14	3.115	Linear	0	0	6468.73	0	0	0	48.68	50.64	0.00	71	41.00	0	0	48.68	50.64	57.00	0	0	13.78	14.24	0	0	0	0	0	0	0	0	0	0	0	0	0	0	0		0.01	ppm		0.00000	0.993										107502.454	
6	Ethanol	Target	1	45.00	3.265	3.206	3.374	2.680	165385	61799	407.42707	Manual	17	3.255	Linear	0	0	405.925	0	0	0	142.09	125.23	0.00	84	31.00	0	0	142.09	125.23	29.00	0	0	25.82	21.44	0	0	0	0	0	0	0	0	0	0	0	0	0	0	0		261.68	ppm		0.00000	1.124										236.167	
7	Ethyl Ether	Target	1	45.00	Not Identified									3.411	Linear	0	0	1484.15	0																																															236.167	
8	Acetone	Target	1	43.00	3.856	3.777	4.005	2.930	1286231	438604	377.56138	Manual	20	3.854	Linear	0	0	3406.68	0	0	0	34.36	39.56	0.00	89	58.00	0	0	34.36	39.56	15.00	0	0	14.13	8.39	0	0	0	0	0	0	0	0	0	0	0	0	0	0	0		4.08	ppm		0.00000	1.064										107502.454	
9	Isopropyl Alcohol	Target	1	45.00	4.159	4.082	4.372	3.010	406485	134873	446.79092	Manual	21	4.159	Linear	0	0	909.788	0	0	0	15.84	15.09	0.00	90	43.00	0	0	15.84	15.09	41.00	0	0	7.25	6.86	0	0	0	0	0	0	0	0	0	0	0	0	0	0	0		571.09	ppm		0.00000	1.068										236.167	
10	Acetonitrile	Target	1	41.00	Not Identified									4.336	Linear	0	0	4017.28	0																																	0.04														1913.021	
11	Methylene chloride	Target	1	49.00	4.616	4.586	4.663	2.250	209	93	0.08316	Auto	27	4.606	Linear	0	0	2513.35	0	0	0	76.12	69.17	0.00	15	84.00	0	0	76.12	69.17	86.00	0	0	50.51	48.33	0	0	0	0	0	0	0	0	0	0	0	0	0	0	0		24.95	ppm		0.00000	1.177										3.728	
12	n-Hexane	Target	1	57.00	5.407	5.359	5.447	2.540	150	59	0.05339	Auto	30	5.381	Linear	0	0	2809.52	0	0	0	87.59	70.42	0.00	23	41.00	0	0	87.59	70.42	43.00	0	0	75.33	52.11	0	0	0	0	0	0	0	0	0	0	0	0	0	0	0		0.05	ppm		0.00000	0.975										1077.014	
13	Ethyl Acetate	Target	1	43.00	Not Identified									6.283	Linear	0	0	2165.17	0																																																
14	Benzene	Target	1	78.00	Not Identified									7.079	Linear	0	0	3449.57	0																																																
15	1,2 Dichloroethane	Target	1	62.00	7.119	7.086	7.159	2.210	73	33	0.11829	Auto	33	7.134	Linear	0	0	617.131	0	0	0	33.71	22.73	0.00	0	64.00	0	0	33.71	22.73	49.00	0	0	32.20	47.73	0	0	0	0	0	0	0	0	0	0	0	0	0	0	0		10.13	ppm		0.00000	1.099										3.259	
16	Heptane	Target	1	43.00	7.371	7.347	7.406	1.880	1060	564	0.83534	Auto	34	7.365	Linear	0	0	1268.95	0	0	0	53.17	49.30	0.00	69	41.00	0	0	53.17	49.30	71.00	0	0	54.85	57.84	0	0	0	0	0	0	0	0	0	0	0	0	0	0	0		0.01	ppm		0.00000	1.175										107502.454	
17	Trichloroethylene	Target	1	130.00	7.684	7.660	7.719	1.750	35	20	0.07539	Auto	35	7.683	Linear	0	0	464.251	0	0	0	96.71	77.78	0.00	0	95.00	0	0	96.71	77.78	132.00	0	0	95.69	92.59	0	0	0	0	0	0	0	0	0	0	0	0	0	0	0		6.04	ppm		0.00000	1.131										3.312	
18	Toluene	Target	1	91.00	Not Identified									8.777	Linear	0	0	1566.28	0																																	3.41														4.109	
19	Chloroform	Target	1	83.00	Not Identified									6.589	Linear	0	0	1026.89	0																																																
20	m,p-Xylene	Target	1	91.00	Not Identified									10.093	Linear	0	0	617.424	0																																															4.109	
21	o-Xylene	Target	1	91.00	Not Identified									10.402	Linear	0	0	543.248	0																																	3.65														4.109	

